// Jest Snapshot v1, https://goo.gl/fbAQLP

exports[`Add Network Modal should render 1`] = `
<div>
  <div
    class="box box--padding-top-4 box--flex-direction-row"
  >
    <h4
      class="box box--margin-top-1 box--margin-bottom-1 box--flex-direction-row typography typography--h4 typography--weight-bold typography--style-normal typography--align-center typography--color-text-default"
    >
      Add custom network
    </h4>
  </div>
  <div
    class="mm-box networks-tab__scrollable mm-box--padding-top-1 mm-box--padding-right-4 mm-box--padding-bottom-2 mm-box--padding-left-4 mm-box--display-flex mm-box--flex-direction-column mm-box--align-items-center"
  >
    <div
      class="networks-tab__add-network-form networks-tab__restrict-height"
    >
      <div
        class="actionable-message actionable-message--warning actionable-message--with-right-button networks-tab__add-network-form__alert actionable-message--with-icon"
      >
        <svg
          viewBox="0 0 10 10"
          xmlns="http://www.w3.org/2000/svg"
        >
          <path
            d="M5 0C2.2 0 0 2.2 0 5s2.2 5 5 5 5-2.2 5-5-2.2-5-5-5zm0 2c.4 0 .7.3.7.7s-.3.7-.7.7-.7-.2-.7-.6.3-.8.7-.8zm.7 6H4.3V4.3h1.5V8z"
            fill="var(--color-warning-default)"
          />
        </svg>
        
        <div
          class="actionable-message__message"
        >
          A malicious network provider can lie about the state of the blockchain and record your network activity. Only add custom networks you trust.
        </div>
      </div>
      <div
        class="networks-tab__add-network-form-body"
      >
        <div
          class="box mm-form-text-field box--padding-top-4 box--padding-bottom-4 box--display-flex box--flex-direction-column"
          data-testid="network-form-name-input"
        >
          <label
            class="mm-box mm-text mm-label mm-form-text-field__label mm-text--body-sm mm-text--font-weight-bold mm-box--padding-top-1 mm-box--padding-bottom-1 mm-box--display-inline-flex mm-box--align-items-center mm-box--color-text-default"
          >
            Network name
          </label>
          <div
            class="mm-box mm-text-field mm-text-field--size-md mm-text-field--truncate mm-form-text-field__text-field mm-box--padding-right-0 mm-box--padding-left-0 mm-box--display-inline-flex mm-box--align-items-center mm-box--background-color-background-default mm-box--rounded-sm mm-box--border-width-1 box--border-style-solid"
          >
            <input
              autocomplete="off"
              class="mm-box mm-text mm-input mm-input--disable-state-styles mm-text-field__input mm-text--body-sm mm-box--margin-0 mm-box--padding-0 mm-box--padding-right-4 mm-box--padding-left-2 mm-box--color-text-default mm-box--background-color-transparent mm-box--border-style-none"
              data-testid="network-form-network-name"
              focused="false"
              type="text"
              value=""
            />
          </div>
        </div>
        <div
          class="form-field"
        >
          <label
            class="mm-box"
          >
            <div
              class="form-field__heading"
            >
              <div
                class="mm-box form-field__heading-title mm-box--display-flex mm-box--align-items-baseline"
              >
                <h6
                  class="mm-box mm-text mm-text--body-sm-bold mm-box--display-inline-block mm-box--color-text-default"
                >
                  New RPC URL
                </h6>
                
                
              </div>
              
            </div>
            <input
              class="form-field__input"
              data-testid="network-form-rpc-url"
              type="text"
              value=""
            />
          </label>
        </div>
        <div
          class="box mm-form-text-field box--padding-top-4 box--display-flex box--flex-direction-column"
          data-testid="network-form-chain-id-input"
        >
          <label
            class="mm-box mm-text mm-label mm-form-text-field__label mm-text--body-sm mm-text--font-weight-bold mm-box--padding-top-1 mm-box--padding-bottom-1 mm-box--display-inline-flex mm-box--align-items-center mm-box--color-text-default"
          >
            Chain ID
          </label>
          <div
            class="mm-box mm-text-field mm-text-field--size-md mm-text-field--truncate mm-form-text-field__text-field mm-box--padding-right-0 mm-box--padding-left-0 mm-box--display-inline-flex mm-box--align-items-center mm-box--background-color-background-default mm-box--rounded-sm mm-box--border-width-1 box--border-style-solid"
          >
            <input
              autocomplete="off"
              class="mm-box mm-text mm-input mm-input--disable-state-styles mm-text-field__input mm-text--body-sm mm-box--margin-0 mm-box--padding-0 mm-box--padding-right-4 mm-box--padding-left-2 mm-box--color-text-default mm-box--background-color-transparent mm-box--border-style-none"
              data-testid="network-form-chain-id"
              focused="false"
              type="text"
              value=""
            />
          </div>
        </div>
        <div
          class="box mm-form-text-field box--padding-top-4 box--display-flex box--flex-direction-column"
          data-testid="network-form-ticker"
        >
          <label
            class="mm-box mm-text mm-label mm-form-text-field__label mm-text--body-sm mm-text--font-weight-bold mm-box--padding-top-1 mm-box--padding-bottom-1 mm-box--display-inline-flex mm-box--align-items-center mm-box--color-text-default"
          >
            Currency symbol
          </label>
          <div
            class="mm-box mm-text-field mm-text-field--size-md mm-text-field--truncate mm-form-text-field__text-field mm-box--padding-right-0 mm-box--padding-left-0 mm-box--display-inline-flex mm-box--align-items-center mm-box--background-color-background-default mm-box--rounded-sm mm-box--border-width-1 box--border-style-solid"
          >
            <input
              autocomplete="off"
              class="mm-box mm-text mm-input mm-input--disable-state-styles mm-text-field__input mm-text--body-sm mm-box--margin-0 mm-box--padding-0 mm-box--padding-right-4 mm-box--padding-left-2 mm-box--color-text-default mm-box--background-color-transparent mm-box--border-style-none"
              data-testid="network-form-ticker-input"
              focused="false"
              type="text"
              value=""
            />
          </div>
        </div>
        <div
          class="box mm-form-text-field box--padding-top-4 box--display-flex box--flex-direction-column"
          data-testid="network-form-block-explorer-url-input"
        >
          <label
            class="mm-box mm-text mm-label mm-form-text-field__label mm-text--body-sm mm-text--font-weight-bold mm-box--padding-top-1 mm-box--padding-bottom-1 mm-box--display-inline-flex mm-box--align-items-center mm-box--color-text-default"
          >
            Block explorer URL (Optional)
          </label>
          <div
            class="mm-box mm-text-field mm-text-field--size-md mm-text-field--truncate mm-form-text-field__text-field mm-box--padding-right-0 mm-box--padding-left-0 mm-box--display-inline-flex mm-box--align-items-center mm-box--background-color-background-default mm-box--rounded-sm mm-box--border-width-1 box--border-style-solid"
          >
            <input
              autocomplete="off"
              class="mm-box mm-text mm-input mm-input--disable-state-styles mm-text-field__input mm-text--body-sm mm-box--margin-0 mm-box--padding-0 mm-box--padding-right-4 mm-box--padding-left-2 mm-box--color-text-default mm-box--background-color-transparent mm-box--border-style-none"
              data-testid="network-form-block-explorer-url"
              focused="false"
              type="text"
              value=""
            />
          </div>
        </div>
      </div>
    </div>
    <div
      class="mm-box mm-box--padding-top-4 mm-box--padding-right-4 mm-box--padding-left-4 mm-box--text-align-center mm-box--width-full mm-box--background-color-background-default"
    >
      <button
        class="mm-box mm-text mm-button-base mm-button-base--size-lg mm-button-base--disabled mm-button-primary mm-button-primary--disabled mm-text--body-md-medium mm-box--padding-0 mm-box--padding-right-4 mm-box--padding-left-4 mm-box--display-inline-flex mm-box--justify-content-center mm-box--align-items-center mm-box--width-full mm-box--color-primary-inverse mm-box--background-color-primary-default mm-box--rounded-pill"
        disabled=""
      >
        Next
      </button>
    </div>
  </div>
</div>
`;
