// Jest Snapshot v1, https://goo.gl/fbAQLP

exports[`NetworkListMenu renders properly 1`] = `<div />`;
