// Jest Snapshot v1, https://goo.gl/fbAQLP

exports[`<EditSpendingCapModal /> renders component 1`] = `<div />`;
