// Jest Snapshot v1, https://goo.gl/fbAQLP

exports[`SmartTransactionsOptInModal displays the correct text in the modal 1`] = `<div />`;
