// Jest Snapshot v1, https://goo.gl/fbAQLP

exports[`Onboarding Metametrics Component should match snapshot 1`] = `
<div>
  <div
    class="onboarding-metametrics"
    data-testid="onboarding-metametrics"
  >
    <h2
      class="box box--margin-top-1 box--margin-bottom-1 box--flex-direction-row typography typography--h2 typography--weight-bold typography--style-normal typography--align-center typography--color-text-default"
    >
      Help us improve MetaMask
    </h2>
    <p
      class="box box--margin-top-1 box--margin-bottom-1 box--flex-direction-row typography onboarding-metametrics__desc typography--p typography--weight-normal typography--style-normal typography--align-left typography--color-text-default"
    >
      We’d like to gather basic usage and diagnostics data to improve MetaMask. Know that we never sell the data you provide here.
    </p>
    <p
      class="box box--margin-top-1 box--margin-bottom-1 box--flex-direction-row typography onboarding-metametrics__desc typography--p typography--weight-normal typography--style-normal typography--align-left typography--color-text-default"
    >
      When we gather metrics, it will always be...
    </p>
    <ul>
      <li>
        <div
          class="box box--flex-direction-row"
        >
          <span
            class="mm-box mm-icon mm-icon--size-sm mm-box--margin-inline-end-2 mm-box--display-inline-block mm-box--color-success-default"
            style="mask-image: url('./images/icons/check.svg');"
          />
          <span>
             
            
            <span
              class="box box--margin-bottom-1 box--flex-direction-row typography typography--span typography--weight-bold typography--style-normal typography--color-text-default"
            >
              Private:
            </span>
             clicks and views on the app are stored, but other details (like your public address) are not.
             
          </span>
        </div>
      </li>
      <li>
        <div
          class="box box--flex-direction-row"
        >
          <span
            class="mm-box mm-icon mm-icon--size-sm mm-box--margin-inline-end-2 mm-box--display-inline-block mm-box--color-success-default"
            style="mask-image: url('./images/icons/check.svg');"
          />
          <span>
             
            
            <span
              class="box box--margin-top-1 box--margin-bottom-1 box--flex-direction-row typography typography--span typography--weight-bold typography--style-normal typography--color-text-default"
            >
              General:
            </span>
             we temporarily use your IP address to detect a general location (like your country or region), but it's never stored.
             
          </span>
        </div>
      </li>
      <li>
        <div
          class="box box--flex-direction-row"
        >
          <span
            class="mm-box mm-icon mm-icon--size-sm mm-box--margin-inline-end-2 mm-box--display-inline-block mm-box--color-success-default"
            style="mask-image: url('./images/icons/check.svg');"
          />
          <span>
             
            
            <span
              class="box box--margin-top-1 box--margin-bottom-1 box--flex-direction-row typography typography--span typography--weight-bold typography--style-normal typography--color-text-default"
            >
              Optional:
            </span>
             you decide if you want to share or delete your usage data via settings any time.
             
          </span>
        </div>
         
      </li>
    </ul>
    <label
      class="mm-box mm-text mm-checkbox mm-text--body-md mm-box--padding-bottom-3 mm-box--display-inline-flex mm-box--align-items-center mm-box--color-text-default"
      for="metametrics-opt-in"
    >
      <span
        class="mm-checkbox__input-wrapper"
      >
        <input
          class="mm-box mm-checkbox__input mm-box--margin-0 mm-box--margin-right-2 mm-box--display-flex mm-box--background-color-background-default mm-box--rounded-sm mm-box--border-color-border-default mm-box--border-width-2 box--border-style-solid"
          id="metametrics-opt-in"
          title="We’ll use this data to learn how you interact with our marketing communications. We may share relevant news (like product features)."
          type="checkbox"
        />
      </span>
      <span>
        We’ll use this data to learn how you interact with our marketing communications. We may share relevant news (like product features).
      </span>
    </label>
    <h6
      class="box box--margin-top-1 box--margin-bottom-1 box--flex-direction-row typography onboarding-metametrics__terms typography--h6 typography--weight-normal typography--style-normal typography--align-left typography--color-text-alternative"
    >
      <span>
         
        We’ll let you know if we decide to use this data for other purposes. You can review our 
        <a
          href="https://metamask.io/privacy.html"
          rel="noopener noreferrer"
          target="_blank"
        >
          Privacy Policy
        </a>
         for more information. Remember, you can go to settings and opt out at any time.
         
      </span>
    </h6>
    <div
      class="onboarding-metametrics__buttons"
    >
      <button
        class="button btn--rounded btn-primary btn--large"
        data-testid="metametrics-i-agree"
      >
        I agree
      </button>
      <button
        class="button btn--rounded btn-secondary btn--large"
        data-testid="metametrics-no-thanks"
      >
        No thanks
      </button>
    </div>
  </div>
</div>
`;

exports[`Onboarding Metametrics Component should match snapshot after new policy date 1`] = `
<div>
  <div
    class="onboarding-metametrics"
    data-testid="onboarding-metametrics"
  >
    <h2
      class="box box--margin-top-1 box--margin-bottom-1 box--flex-direction-row typography typography--h2 typography--weight-bold typography--style-normal typography--align-center typography--color-text-default"
    >
      Help us improve MetaMask
    </h2>
    <p
      class="box box--margin-top-1 box--margin-bottom-1 box--flex-direction-row typography onboarding-metametrics__desc typography--p typography--weight-normal typography--style-normal typography--align-left typography--color-text-default"
    >
      We’d like to gather basic usage and diagnostics data to improve MetaMask. Know that we never sell the data you provide here.
    </p>
    <p
      class="box box--margin-top-1 box--margin-bottom-1 box--flex-direction-row typography onboarding-metametrics__desc typography--p typography--weight-normal typography--style-normal typography--align-left typography--color-text-default"
    >
      When we gather metrics, it will always be...
    </p>
    <ul>
      <li>
        <div
          class="box box--flex-direction-row"
        >
          <span
            class="mm-box mm-icon mm-icon--size-sm mm-box--margin-inline-end-2 mm-box--display-inline-block mm-box--color-success-default"
            style="mask-image: url('./images/icons/check.svg');"
          />
          <span>
             
            
            <span
              class="box box--margin-bottom-1 box--flex-direction-row typography typography--span typography--weight-bold typography--style-normal typography--color-text-default"
            >
              Private:
            </span>
             clicks and views on the app are stored, but other details (like your public address) are not.
             
          </span>
        </div>
      </li>
      <li>
        <div
          class="box box--flex-direction-row"
        >
          <span
            class="mm-box mm-icon mm-icon--size-sm mm-box--margin-inline-end-2 mm-box--display-inline-block mm-box--color-success-default"
            style="mask-image: url('./images/icons/check.svg');"
          />
          <span>
             
            
            <span
              class="box box--margin-top-1 box--margin-bottom-1 box--flex-direction-row typography typography--span typography--weight-bold typography--style-normal typography--color-text-default"
            >
              General:
            </span>
             we temporarily use your IP address to detect a general location (like your country or region), but it's never stored.
             
          </span>
        </div>
      </li>
      <li>
        <div
          class="box box--flex-direction-row"
        >
          <span
            class="mm-box mm-icon mm-icon--size-sm mm-box--margin-inline-end-2 mm-box--display-inline-block mm-box--color-success-default"
            style="mask-image: url('./images/icons/check.svg');"
          />
          <span>
             
            
            <span
              class="box box--margin-top-1 box--margin-bottom-1 box--flex-direction-row typography typography--span typography--weight-bold typography--style-normal typography--color-text-default"
            >
              Optional:
            </span>
             you decide if you want to share or delete your usage data via settings any time.
             
          </span>
        </div>
         
      </li>
    </ul>
    <label
      class="mm-box mm-text mm-checkbox mm-text--body-md mm-box--padding-bottom-3 mm-box--display-inline-flex mm-box--align-items-center mm-box--color-text-default"
      for="metametrics-opt-in"
    >
      <span
        class="mm-checkbox__input-wrapper"
      >
        <input
          class="mm-box mm-checkbox__input mm-box--margin-0 mm-box--margin-right-2 mm-box--display-flex mm-box--background-color-background-default mm-box--rounded-sm mm-box--border-color-border-default mm-box--border-width-2 box--border-style-solid"
          id="metametrics-opt-in"
          title="We’ll use this data to learn how you interact with our marketing communications. We may share relevant news (like product features)."
          type="checkbox"
        />
      </span>
      <span>
        We’ll use this data to learn how you interact with our marketing communications. We may share relevant news (like product features).
      </span>
    </label>
    <h6
      class="box box--margin-top-1 box--margin-bottom-1 box--flex-direction-row typography onboarding-metametrics__terms typography--h6 typography--weight-normal typography--style-normal typography--align-left typography--color-text-alternative"
    >
      <span>
         
        We’ll let you know if we decide to use this data for other purposes. You can review our 
        <a
          href="https://metamask.io/privacy.html"
          rel="noopener noreferrer"
          target="_blank"
        >
          Privacy Policy
        </a>
         for more information. Remember, you can go to settings and opt out at any time.
         
      </span>
    </h6>
    <div
      class="onboarding-metametrics__buttons"
    >
      <button
        class="button btn--rounded btn-primary btn--large"
        data-testid="metametrics-i-agree"
      >
        I agree
      </button>
      <button
        class="button btn--rounded btn-secondary btn--large"
        data-testid="metametrics-no-thanks"
      >
        No thanks
      </button>
    </div>
  </div>
</div>
`;
